[    0.000000] Initializing cgroup subsys cpuset
[    0.000000] Initializing cgroup subsys cpu
[    0.000000] Initializing cgroup subsys cpuacct
[    0.000000] Linux version 4.4.0-75-generic (buildd@lcy01-04) (gcc version 5.4.0 20160609 (Ubuntu 5.4.0-6ubuntu1~16.04.4) ) #96-Ubuntu SMP Thu Apr 20 09:55:15 UTC 2017 (Ubuntu 4.4.0-75.96-generic 4.4.59)
[    0.000000] KERNEL supported cpus:
[    0.000000]   Intel GenuineIntel
[    0.000000]   AMD AuthenticAMD
[    0.000000]   NSC Geode by NSC
[    0.000000]   Cyrix CyrixInstead
[    0.000000]   Centaur CentaurHauls
[    0.000000]   Transmeta GenuineTMx86
[    0.000000]   Transmeta TransmetaCPU
[    0.000000]   UMC UMC UMC UMC
[    0.000000] x86/fpu: xstate_offset[2]:  576, xstate_sizes[2]:  256
[    0.000000] x86/fpu: Supporting XSAVE feature 0x01: 'x87 floating point registers'
[    0.000000] x86/fpu: Supporting XSAVE feature 0x02: 'SSE registers'
[    0.000000] x86/fpu: Supporting XSAVE feature 0x04: 'AVX registers'
[    0.000000] x86/fpu: Enabled xstate features 0x7, context size is 832 bytes, using 'standard' format.
[    0.000000] x86/fpu: Using 'lazy' FPU context switches.
[    0.000000] e820: BIOS-provided physical RAM map:
[    0.000000] BIOS-e820: [mem 0x0000000000000000-0x000000000009fbff] usable
[    0.000000] BIOS-e820: [mem 0x000000000009fc00-0x000000000009ffff] reserved
[    0.000000] BIOS-e820: [mem 0x00000000000f0000-0x00000000000fffff] reserved
[    0.000000] BIOS-e820: [mem 0x0000000000100000-0x000000003ffeffff] usable
[    0.000000] BIOS-e820: [mem 0x000000003fff0000-0x000000003fffffff] ACPI data
[    0.000000] BIOS-e820: [mem 0x00000000fec00000-0x00000000fec00fff] reserved
[    0.000000] BIOS-e820: [mem 0x00000000fee00000-0x00000000fee00fff] reserved
[    0.000000] BIOS-e820: [mem 0x00000000fffc0000-0x00000000ffffffff] reserved
[    0.000000] NX (Execute Disable) protection: active
[    0.000000] SMBIOS 2.5 present.
[    0.000000] Hypervisor detected: KVM
[    0.000000] e820: last_pfn = 0x3fff0 max_arch_pfn = 0x1000000
[    0.000000] MTRR: Disabled
[    0.000000] x86/PAT: MTRRs disabled, skipping PAT initialization too.
[    0.000000] x86/PAT: Configuration [0-7]: WB  WT  UC- UC  WB  WT  UC- UC  
[    0.000000] CPU MTRRs all blank - virtualized system.
[    0.000000] found SMP MP-table at [mem 0x0009fff0-0x0009ffff] mapped at [c009fff0]
[    0.000000] Scanning 1 areas for low memory corruption
[    0.000000] RAMDISK: [mem 0x3635e000-0x371a6fff]
[    0.000000] ACPI: Early table checksum verification disabled
[    0.000000] ACPI: RSDP 0x00000000000E0000 000024 (v02 VBOX  )
[    0.000000] ACPI: XSDT 0x000000003FFF0030 00003C (v01 VBOX   VBOXXSDT 00000001 ASL  00000061)
[    0.000000] ACPI: FACP 0x000000003FFF00F0 0000F4 (v04 VBOX   VBOXFACP 00000001 ASL  00000061)
[    0.000000] ACPI: DSDT 0x000000003FFF0470 0021C8 (v02 VBOX   VBOXBIOS 00000002 INTL 20100528)
[    0.000000] ACPI: FACS 0x000000003FFF0200 000040
[    0.000000] ACPI: FACS 0x000000003FFF0200 000040
[    0.000000] ACPI: APIC 0x000000003FFF0240 00005C (v02 VBOX   VBOXAPIC 00000001 ASL  00000061)
[    0.000000] ACPI: SSDT 0x000000003FFF02A0 0001CC (v01 VBOX   VBOXCPUT 00000002 INTL 20100528)
[    0.000000] 131MB HIGHMEM available.
[    0.000000] 891MB LOWMEM available.
[    0.000000]   mapped low ram: 0 - 37bfe000
[    0.000000]   low ram: 0 - 37bfe000
[    0.000000] kvm-clock: Using msrs 4b564d01 and 4b564d00
[    0.000000] kvm-clock: cpu 0, msr 0:37bfd001, primary cpu clock
[    0.000000] kvm-clock: using sched offset of 3259217102 cycles
[    0.000000] clocksource: kvm-clock: mask: 0xffffffffffffffff max_cycles: 0x1cd42e4dffb, max_idle_ns: 881590591483 ns
[    0.000000] Zone ranges:
[    0.000000]   DMA      [mem 0x0000000000001000-0x0000000000ffffff]
[    0.000000]   Normal   [mem 0x0000000001000000-0x0000000037bfdfff]
[    0.000000]   HighMem  [mem 0x0000000037bfe000-0x000000003ffeffff]
[    0.000000] Movable zone start for each node
[    0.000000] Early memory node ranges
[    0.000000]   node   0: [mem 0x0000000000001000-0x000000000009efff]
[    0.000000]   node   0: [mem 0x0000000000100000-0x000000003ffeffff]
[    0.000000] Initmem setup node 0 [mem 0x0000000000001000-0x000000003ffeffff]
[    0.000000] Using APIC driver default
[    0.000000] ACPI: PM-Timer IO Port: 0x4008
[    0.000000] IOAPIC[0]: apic_id 2, version 32, address 0xfec00000, GSI 0-23
[    0.000000] ACPI: INT_SRC_OVR (bus 0 bus_irq 0 global_irq 2 dfl dfl)
[    0.000000] ACPI: INT_SRC_OVR (bus 0 bus_irq 9 global_irq 9 high level)
[    0.000000] Using ACPI (MADT) for SMP configuration information
[    0.000000] smpboot: Allowing 2 CPUs, 0 hotplug CPUs
[    0.000000] PM: Registered nosave memory: [mem 0x00000000-0x00000fff]
[    0.000000] PM: Registered nosave memory: [mem 0x0009f000-0x0009ffff]
[    0.000000] PM: Registered nosave memory: [mem 0x000a0000-0x000effff]
[    0.000000] PM: Registered nosave memory: [mem 0x000f0000-0x000fffff]
[    0.000000] e820: [mem 0x40000000-0xfebfffff] available for PCI devices
[    0.000000] Booting paravirtualized kernel on KVM
[    0.000000] clocksource: refined-jiffies: mask: 0xffffffff max_cycles: 0xffffffff, max_idle_ns: 7645519600211568 ns
[    0.000000] setup_percpu: NR_CPUS:8 nr_cpumask_bits:8 nr_cpu_ids:2 nr_node_ids:1
[    0.000000] PERCPU: Embedded 19 pages/cpu @f71b0000 s47436 r0 d30388 u77824
[    0.000000] PV qspinlock hash table entries: 512 (order: 0, 4096 bytes)
[    0.000000] Built 1 zonelists in Zone order, mobility grouping on.  Total pages: 259800
[    0.000000] Kernel command line: BOOT_IMAGE=/boot/vmlinuz-4.4.0-75-generic root=LABEL=cloudimg-rootfs ro console=tty1 console=ttyS0
[    0.000000] PID hash table entries: 4096 (order: 2, 16384 bytes)
[    0.000000] Dentry cache hash table entries: 131072 (order: 7, 524288 bytes)
[    0.000000] Inode-cache hash table entries: 65536 (order: 6, 262144 bytes)
[    0.000000] Initializing CPU#0
[    0.000000] Initializing HighMem for node 0 (00037bfe:0003fff0)
[    0.000000] Initializing Movable for node 0 (00000000:00000000)
[    0.000000] Memory: 1008340K/1048120K available (7928K kernel code, 770K rwdata, 3164K rodata, 940K init, 800K bss, 39780K reserved, 0K cma-reserved, 135112K highmem)
[    0.000000] virtual kernel memory layout:
[    0.000000]     fixmap  : 0xfff15000 - 0xfffff000   ( 936 kB)
[    0.000000]     pkmap   : 0xffc00000 - 0xffe00000   (2048 kB)
[    0.000000]     vmalloc : 0xf83fe000 - 0xffbfe000   ( 120 MB)
[    0.000000]     lowmem  : 0xc0000000 - 0xf7bfe000   ( 891 MB)
[    0.000000]       .init : 0xc1b99000 - 0xc1c84000   ( 940 kB)
[    0.000000]       .data : 0xc17be50b - 0xc1b97b40   (3941 kB)
[    0.000000]       .text : 0xc1000000 - 0xc17be50b   (7929 kB)
[    0.000000] Checking if this processor honours the WP bit even in supervisor mode...Ok.
[    0.000000] SLUB: HWalign=64, Order=0-3, MinObjects=0, CPUs=2, Nodes=1
[    0.000000] Hierarchical RCU implementation.
[    0.000000] 	Build-time adjustment of leaf fanout to 32.
[    0.000000] 	RCU restricting CPUs from NR_CPUS=8 to nr_cpu_ids=2.
[    0.000000] RCU: Adjusting geometry for rcu_fanout_leaf=32, nr_cpu_ids=2
[    0.000000] NR_IRQS:2304 nr_irqs:440 16
[    0.000000] Console: colour VGA+ 80x25
[    0.000000] console [tty1] enabled
[    0.000000] console [ttyS0] enabled
[    0.000000] allocated 1048576 bytes of page_ext
[    0.000000] tsc: Detected 2899.998 MHz processor
[    2.807032] Calibrating delay loop (skipped) preset value.. 5799.99 BogoMIPS (lpj=11599992)
[    2.843255] pid_max: default: 32768 minimum: 301
[    2.852515] ACPI: Core revision 20150930
[    2.864710] ACPI: 2 ACPI AML tables successfully acquired and loaded
[    2.970154] Security Framework initialized
[    3.048222] Yama: becoming mindful.
[    3.088190] AppArmor: AppArmor initialized
[    3.187582] Mount-cache hash table entries: 2048 (order: 1, 8192 bytes)
[    3.275000] Mountpoint-cache hash table entries: 2048 (order: 1, 8192 bytes)
[    3.286277] Initializing cgroup subsys io
[    3.305998] Initializing cgroup subsys memory
[    3.308003] Initializing cgroup subsys devices
[    3.321727] Initializing cgroup subsys freezer
[    3.324796] Initializing cgroup subsys net_cls
[    3.333171] Initializing cgroup subsys perf_event
[    3.338086] Initializing cgroup subsys net_prio
[    3.346044] Initializing cgroup subsys hugetlb
[    3.361677] Initializing cgroup subsys pids
[    3.363178] CPU: Physical Processor ID: 0
[    3.367086] CPU: Processor Core ID: 0
[    3.373388] mce: CPU supports 0 MCE banks
[    3.375629] Last level iTLB entries: 4KB 64, 2MB 8, 4MB 8
[    3.405422] Last level dTLB entries: 4KB 64, 2MB 0, 4MB 0, 1GB 4
[    3.435012] Freeing SMP alternatives memory: 28K (c1c84000 - c1c8b000)
[    3.485082] ftrace: allocating 31398 entries in 62 pages
[    3.642747] smpboot: APIC(0) Converting physical 0 to logical package 0
[    3.875319] smpboot: Max logical packages: 1
[    3.885231] Enabling APIC mode:  Flat.  Using 1 I/O APICs
[    3.929259] ..TIMER: vector=0x30 apic1=0 pin1=2 apic2=-1 pin2=-1
[    4.043650] APIC calibration not consistent with PM-Timer: 97ms instead of 100ms
[    4.068335] APIC delta adjusted to PM-Timer: 6246546 (6070399)
[    4.075435] smpboot: CPU0: Intel(R) Core(TM) i5-5287U CPU @ 2.90GHz (family: 0x6, model: 0x3d, stepping: 0x4)
[    4.088664] Performance Events: unsupported p6 CPU model 61 no PMU driver, software events only.
[    4.104128] KVM setup paravirtual spinlock
[    4.108585] x86: Booting SMP configuration:
[    4.116541] .... node  #0, CPUs:      #1
[1266874886.450334] Initializing CPU#1
[    4.536063] kvm-clock: cpu 1, msr 0:37bfd041, secondary cpu clock
[    4.540864] mce: CPU supports 0 MCE banks
[    4.550496] x86: Booted up 1 node, 2 CPUs
[    4.553336] smpboot: Total of 2 processors activated (11599.99 BogoMIPS)
[    4.555415] devtmpfs: initialized
[    4.687315] evm: security.selinux
[    4.748839] evm: security.SMACK64
[    4.750289] evm: security.SMACK64EXEC
[    4.751935] evm: security.SMACK64TRANSMUTE
[    4.756435] evm: security.SMACK64MMAP
[    4.762684] evm: security.ima
[    4.771653] evm: security.capability
[    4.779294] clocksource: jiffies: mask: 0xffffffff max_cycles: 0xffffffff, max_idle_ns: 7645041785100000 ns
[    4.783475] futex hash table entries: 512 (order: 3, 32768 bytes)
[    4.792483] pinctrl core: initialized pinctrl subsystem
[    4.796866] RTC time: 16:56:51, date: 05/16/17
[    4.813742] NET: Registered protocol family 16
[    4.830939] EISA bus registered
[    4.847484] cpuidle: using governor ladder
[    4.864513] cpuidle: using governor menu
[    4.870894] PCCT header not found.
[    4.944293] ACPI: bus type PCI registered
[    5.146025] acpiphp: ACPI Hot Plug PCI Controller Driver version: 0.5
[    5.311137] PCI : PCI BIOS area is rw and x. Use pci=nobios if you want it NX.
[    5.621283] PCI: PCI BIOS revision 2.10 entry at 0xfda26, last bus=0
[    5.637828] PCI: Using configuration type 1 for base access
[    5.662386] ACPI: Added _OSI(Module Device)
[    5.668564] ACPI: Added _OSI(Processor Device)
[    5.682233] ACPI: Added _OSI(3.0 _SCP Extensions)
[    5.686905] ACPI: Added _OSI(Processor Aggregator Device)
[    5.700101] ACPI: Executed 1 blocks of module-level executable AML code
[    5.710493] ACPI: Interpreter enabled
[    5.719058] ACPI: (supports S0 S5)
[    5.728082] ACPI: Using IOAPIC for interrupt routing
[    5.738531] PCI: Using host bridge windows from ACPI; if necessary, use "pci=nocrs" and report a bug
[    6.012984] ACPI: PCI Root Bridge [PCI0] (domain 0000 [bus 00-ff])
[    6.142802] acpi PNP0A03:00: _OSC: OS supports [ASPM ClockPM Segments MSI]
[    6.167842] acpi PNP0A03:00: _OSC failed (AE_NOT_FOUND); disabling ASPM
[    6.193450] acpi PNP0A03:00: fail to add MMCONFIG information, can't access extended PCI configuration space under this bridge.
[    6.235180] PCI host bridge to bus 0000:00
[    6.236975] pci_bus 0000:00: root bus resource [io  0x0000-0x0cf7 window]
[    6.310172] pci_bus 0000:00: root bus resource [io  0x0d00-0xffff window]
[    6.381363] pci_bus 0000:00: root bus resource [mem 0x000a0000-0x000bffff window]
[    6.393543] pci_bus 0000:00: root bus resource [mem 0x40000000-0xffdfffff window]
[    6.411670] pci_bus 0000:00: root bus resource [bus 00-ff]
[    6.427250] pci 0000:00:01.1: legacy IDE quirk: reg 0x10: [io  0x01f0-0x01f7]
[    6.452689] pci 0000:00:01.1: legacy IDE quirk: reg 0x14: [io  0x03f6]
[    6.469032] pci 0000:00:01.1: legacy IDE quirk: reg 0x18: [io  0x0170-0x0177]
[    6.486362] pci 0000:00:01.1: legacy IDE quirk: reg 0x1c: [io  0x0376]
[    6.659426] pci 0000:00:07.0: quirk: [io  0x4000-0x403f] claimed by PIIX4 ACPI
[    6.771290] pci 0000:00:07.0: quirk: [io  0x4100-0x410f] claimed by PIIX4 SMB
[    6.817429] ACPI: PCI Interrupt Link [LNKA] (IRQs 5 9 10 *11)
[    6.829409] ACPI: PCI Interrupt Link [LNKB] (IRQs 5 9 10 *11)
[    6.847810] ACPI: PCI Interrupt Link [LNKC] (IRQs 5 9 *10 11)
[    6.864420] ACPI: PCI Interrupt Link [LNKD] (IRQs 5 *9 10 11)
[    6.990207] ACPI: Enabled 2 GPEs in block 00 to 07
[    7.002529] vgaarb: setting as boot device: PCI:0000:00:02.0
[    7.007639] vgaarb: device added: PCI:0000:00:02.0,decodes=io+mem,owns=io+mem,locks=none
[    7.012146] vgaarb: loaded
[    7.015737] vgaarb: bridge control possible 0000:00:02.0
[    7.024228] SCSI subsystem initialized
[    7.025681] ACPI: bus type USB registered
[    7.028192] usbcore: registered new interface driver usbfs
[    7.048846] usbcore: registered new interface driver hub
[    7.051561] usbcore: registered new device driver usb
[    7.053158] PCI: Using ACPI for IRQ routing
[    7.056223] NetLabel: Initializing
[    7.086212] NetLabel:  domain hash size = 128
[    7.091949] NetLabel:  protocols = UNLABELED CIPSOv4
[    7.101956] NetLabel:  unlabeled traffic allowed by default
[    7.118282] amd_nb: Cannot enumerate AMD northbridges
[    7.194359] clocksource: Switched to clocksource kvm-clock
[    7.261119] AppArmor: AppArmor Filesystem Enabled
[    7.279273] pnp: PnP ACPI init
[    7.282968] pnp: PnP ACPI: found 3 devices
[    7.304218] PnPBIOS: Disabled by ACPI PNP
[    7.360278] clocksource: acpi_pm: mask: 0xffffff max_cycles: 0xffffff, max_idle_ns: 2085701024 ns
[    7.382338] NET: Registered protocol family 2
[    7.400647] TCP established hash table entries: 8192 (order: 3, 32768 bytes)
[    7.425672] TCP bind hash table entries: 8192 (order: 4, 65536 bytes)
[    7.440842] TCP: Hash tables configured (established 8192 bind 8192)
[    7.453660] UDP hash table entries: 512 (order: 2, 16384 bytes)
[    7.466581] UDP-Lite hash table entries: 512 (order: 2, 16384 bytes)
[    7.469778] NET: Registered protocol family 1
[    7.473921] pci 0000:00:00.0: Limiting direct PCI/PCI transfers
[    7.493662] pci 0000:00:01.0: Activating ISA DMA hang workarounds
[    7.512793] Unpacking initramfs...
[    7.839807] Freeing initrd memory: 14628K (f635e000 - f71a7000)
[    7.898895] RAPL PMU detected, API unit is 2^-32 Joules, 4 fixed counters 10737418240 ms ovfl timer
[    7.933372] hw unit of domain pp0-core 2^-0 Joules
[    7.962897] hw unit of domain package 2^-0 Joules
[    8.012695] hw unit of domain dram 2^-0 Joules
[    8.039271] hw unit of domain pp1-gpu 2^-0 Joules
[    8.080015] platform rtc_cmos: registered platform RTC device (no PNP device found)
[    8.110027] Scanning for low memory corruption every 60 seconds
[    8.138188] audit: initializing netlink subsys (disabled)
[    8.167446] audit: type=2000 audit(1494953812.603:1): initialized
[    8.209948] Initialise system trusted keyring
[    8.212926] HugeTLB registered 2 MB page size, pre-allocated 0 pages
[    8.245325] zbud: loaded
[    8.247596] VFS: Disk quotas dquot_6.6.0
[    8.340024] VFS: Dquot-cache hash table entries: 1024 (order 0, 4096 bytes)
[    8.367658] squashfs: version 4.0 (2009/01/31) Phillip Lougher
[    8.383608] fuse init (API version 7.23)
[    8.400300] Key type big_key registered
[    8.417010] Allocating IMA MOK and blacklist keyrings.
[    8.423650] Key type asymmetric registered
[    8.426872] Asymmetric key parser 'x509' registered
[    8.432712] bounce: pool size: 64 pages
[    8.436571] Block layer SCSI generic (bsg) driver version 0.4 loaded (major 249)
[    8.438245] io scheduler noop registered
[    8.451478] io scheduler deadline registered (default)
[    8.460607] io scheduler cfq registered
[    8.463588] pci_hotplug: PCI Hot Plug PCI Core version: 0.5
[    8.478736] pciehp: PCI Express Hot Plug Controller Driver version: 0.4
[    8.480480] ACPI: AC Adapter [AC] (on-line)
[    8.493130] input: Power Button as /devices/LNXSYSTM:00/LNXPWRBN:00/input/input0
[    8.504190] ACPI: Power Button [PWRF]
[    8.505101] input: Sleep Button as /devices/LNXSYSTM:00/LNXSLPBN:00/input/input1
[    8.508542] ACPI: Sleep Button [SLPF]
[    8.511478] GHES: HEST is not enabled!
[    8.512585] ACPI: Battery Slot [BAT0] (battery present)
[    8.524896] isapnp: Scanning for PnP cards...
[    8.554063] Serial: 8250/16550 driver, 32 ports, IRQ sharing enabled
[    8.587733] 00:02: ttyS0 at I/O 0x3f8 (irq = 4, base_baud = 115200) is a 16550A
[    8.601989] Linux agpgart interface v0.103
[    8.608717] loop: module loaded
[    8.611757] scsi host0: ata_piix
[    8.614643] scsi host1: ata_piix
[    8.615528] ata1: PATA max UDMA/33 cmd 0x1f0 ctl 0x3f6 bmdma 0xd000 irq 14
[    8.633238] ata2: PATA max UDMA/33 cmd 0x170 ctl 0x376 bmdma 0xd008 irq 15
[    8.642969] libphy: Fixed MDIO Bus: probed
[    8.643880] tun: Universal TUN/TAP device driver, 1.6
[    8.655171] tun: (C) 1999-2004 Max Krasnyansky <maxk@qualcomm.com>
[    8.658410] PPP generic driver version 2.4.2
[    8.663286] ehci_hcd: USB 2.0 'Enhanced' Host Controller (EHCI) Driver
[    8.676403] ehci-pci: EHCI PCI platform driver
[    8.678105] ehci-platform: EHCI generic platform driver
[    8.681800] ohci_hcd: USB 1.1 'Open' Host Controller (OHCI) Driver
[    8.683509] ohci-pci: OHCI PCI platform driver
[    8.686982] ohci-platform: OHCI generic platform driver
[    8.689554] uhci_hcd: USB Universal Host Controller Interface driver
[    8.699694] i8042: PNP: PS/2 Controller [PNP0303:PS2K,PNP0f03:PS2M] at 0x60,0x64 irq 1,12
[    8.704483] serio: i8042 KBD port at 0x60,0x64 irq 1
[    8.718575] serio: i8042 AUX port at 0x60,0x64 irq 12
[    8.728045] mousedev: PS/2 mouse device common for all mice
[    8.733407] rtc_cmos rtc_cmos: rtc core: registered rtc_cmos as rtc0
[    8.743022] input: AT Translated Set 2 keyboard as /devices/platform/i8042/serio0/input/input2
[    8.768988] rtc_cmos rtc_cmos: alarms up to one day, 114 bytes nvram
[    8.793408] i2c /dev entries driver
[    8.802362] device-mapper: uevent: version 1.0.3
[    8.803414] device-mapper: ioctl: 4.34.0-ioctl (2015-10-28) initialised: dm-devel@redhat.com
[    8.806839] platform eisa.0: Probing EISA bus 0
[    8.808025] platform eisa.0: EISA: Cannot allocate resource for mainboard
[    8.817089] platform eisa.0: Cannot allocate resource for EISA slot 1
[    8.819037] platform eisa.0: Cannot allocate resource for EISA slot 2
[    8.827677] platform eisa.0: Cannot allocate resource for EISA slot 3
[    8.831032] platform eisa.0: Cannot allocate resource for EISA slot 4
[    8.834642] platform eisa.0: Cannot allocate resource for EISA slot 5
[    8.835865] platform eisa.0: Cannot allocate resource for EISA slot 6
[    8.837087] platform eisa.0: Cannot allocate resource for EISA slot 7
[    8.838401] platform eisa.0: Cannot allocate resource for EISA slot 8
[    8.842885] platform eisa.0: EISA: Detected 0 cards
[    8.845285] cpufreq-nforce2: No nForce2 chipset.
[    8.846246] ledtrig-cpu: registered to indicate activity on CPUs
[    8.860523] NET: Registered protocol family 10
[    8.873091] NET: Registered protocol family 17
[    8.876659] Key type dns_resolver registered
[    8.878058] microcode: CPU0 sig=0x306d4, pf=0x40, revision=0x0
[    8.883468] microcode: CPU1 sig=0x306d4, pf=0x40, revision=0x0
[    8.885300] microcode: Microcode Update Driver: v2.01 <tigran@aivazian.fsnet.co.uk>, Peter Oruba
[    8.900388] Using IPI No-Shortcut mode
[    8.901328] registered taskstats version 1
[    8.902214] Loading compiled-in X.509 certificates
[    8.916276] Loaded X.509 cert 'Build time autogenerated kernel key: 07b96e98effcf92e436e5474864c4a8d42920bdd'
[    8.936414] isapnp: No Plug & Play device found
[    8.982992] zswap: loaded using pool lzo/zbud
[    8.985517] Key type trusted registered
[    8.990051] Key type encrypted registered
[    8.990976] AppArmor: AppArmor sha1 policy hashing enabled
[    8.993553] ima: No TPM chip found, activating TPM-bypass!
[    9.015699] evm: HMAC attrs: 0x1
[    9.023431]   Magic number: 1:783:944
[    9.027806] tty tty1: hash matches
[    9.035776] rtc_cmos rtc_cmos: setting system clock to 2017-05-16 16:56:55 UTC (1494953815)
[    9.045655] BIOS EDD facility v0.16 2004-Jun-25, 0 devices found
[    9.049941] EDD information not available.
[    9.060032] Freeing unused kernel memory: 940K (c1b99000 - c1c84000)
[    9.071254] Write protecting the kernel text: 7932k
[    9.087736] Write protecting the kernel read-only data: 3168k
[    9.091915] tsc: Refined TSC clocksource calibration: 2900.554 MHz
[    9.091918] clocksource: tsc: mask: 0xffffffffffffffff max_cycles: 0x29cf4e74ac9, max_idle_ns: 440795297781 ns
[    9.162046] NX-protecting the kernel data: 6404k
Loading, please [    9.214698] random: udevadm: uninitialized urandom read (16 bytes read, 2 bits of entropy available)
wait...
starting version 229
[    9.214873] random: systemd-udevd: uninitialized urandom read (16 bytes read, 2 bits of entropy available)
[    9.214996] random: systemd-udevd: uninitialized urandom read (16 bytes read, 2 bits of entropy available)
[    9.215013] random: systemd-udevd: uninitialized urandom read (16 bytes read, 2 bits of entropy available)
[    9.285687] random: udevadm: uninitialized urandom read (16 bytes read, 2 bits of entropy available)
[    9.295496] random: udevadm: uninitialized urandom read (16 bytes read, 2 bits of entropy available)
[    9.316322] random: udevadm: uninitialized urandom read (16 bytes read, 2 bits of entropy available)
[    9.343617] random: udevadm: uninitialized urandom read (16 bytes read, 2 bits of entropy available)
[    9.356090] random: udevadm: uninitialized urandom read (16 bytes read, 2 bits of entropy available)
[    9.369712] random: udevadm: uninitialized urandom read (16 bytes read, 2 bits of entropy available)
[    9.437205] Fusion MPT base driver 3.04.20
[    9.458957] Copyright (c) 1999-2008 LSI Corporation
[    9.479025] e1000: Intel(R) PRO/1000 Network Driver - version 7.3.21-k8-NAPI
[    9.492417] e1000: Copyright (c) 1999-2006 Intel Corporation.
[    9.551793] Fusion MPT SPI Host driver 3.04.20
[    9.568914] mptbase: ioc0: Initiating bringup
[    9.639005] ioc0: LSI53C1030 A0: Capabilities={Initiator}
[    9.748405] input: ImExPS/2 Generic Explorer Mouse as /devices/platform/i8042/serio1/input/input4
[    9.891257] scsi host2: ioc0: LSI53C1030 A0, FwRev=00000000h, Ports=1, MaxQ=256, IRQ=20
[   10.015854] scsi 2:0:0:0: Direct-Access     VBOX     HARDDISK         1.0  PQ: 0 ANSI: 5
[   10.039999] scsi target2:0:0: Beginning Domain Validation
[   10.046553] scsi target2:0:0: Domain Validation skipping write tests
[   10.051645] scsi target2:0:0: Ending Domain Validation
[   10.053899] scsi target2:0:0: asynchronous
[   10.062591] scsi 2:0:1:0: Direct-Access     VBOX     HARDDISK         1.0  PQ: 0 ANSI: 5
[   10.069762] scsi target2:0:1: Beginning Domain Validation
[   10.071718] scsi target2:0:1: Domain Validation skipping write tests
[   10.074153] scsi target2:0:1: Ending Domain Validation
[   10.075364] scsi target2:0:1: asynchronous
[   10.175420] sd 2:0:0:0: Attached scsi generic sg0 type 0
[   10.188939] sd 2:0:0:0: [sda] 20971520 512-byte logical blocks: (10.7 GB/10.0 GiB)
[   10.200024] sd 2:0:0:0: [sda] Write Protect is off
[   10.208616] sd 2:0:1:0: [sdb] 20480 512-byte logical blocks: (10.5 MB/10.0 MiB)
[   10.212787] sd 2:0:1:0: [sdb] Write Protect is off
[   10.224259] sd 2:0:1:0: Attached scsi generic sg1 type 0
[   10.235431] sd 2:0:0:0: [sda] Incomplete mode parameter data
[   10.247181] sd 2:0:0:0: [sda] Assuming drive cache: write through
[   10.261255] sd 2:0:1:0: [sdb] Incomplete mode parameter data
[   10.267558] sd 2:0:1:0: [sdb] Assuming drive cache: write through
[   10.270654]  sda: sda1
[   10.273106] sd 2:0:1:0: [sdb] Attached SCSI disk
[   10.275644] sd 2:0:0:0: [sda] Attached SCSI disk
[   10.386485] e1000 0000:00:03.0 eth0: (PCI:33MHz:32-bit) 02:6e:88:da:90:9e
[   10.442603] e1000 0000:00:03.0 eth0: Intel(R) PRO/1000 Network Connection
[   10.444912] e1000 0000:00:03.0 enp0s3: renamed from eth0
[   12.594670] floppy0: no floppy controllers found
Begin: Loading essential drivers ... [   13.983192] md: linear personality registered for level -1
[   13.994741] md: multipath personality registered for level -4
[   14.018678] md: raid0 personality registered for level 0
[   14.056039] md: raid1 personality registered for level 1
[   14.150508] raid6: mmxx1    gen()  5660 MB/s
[   14.222609] raid6: mmxx2    gen()  6575 MB/s
[   14.330421] raid6: sse1x1   gen()  3988 MB/s
[   14.430521] raid6: sse1x2   gen()  3561 MB/s
[   14.498387] raid6: sse2x1   gen()  6833 MB/s
[   14.570675] raid6: sse2x1   xor()  5745 MB/s
[   14.694725] raid6: sse2x2   gen() 11211 MB/s
[   14.830394] raid6: sse2x2   xor()  7803 MB/s
[   14.886719] raid6: using algorithm sse2x2 gen() 11211 MB/s
[   14.962386] raid6: .... xor() 7803 MB/s, rmw enabled
[   14.975614] raid6: using ssse3x1 recovery algorithm
[   14.979830] xor: automatically using best checksumming function:
[   15.094369]    avx       : 23473.000 MB/sec
[   15.124306] async_tx: api initialized (async)
[   15.203516] md: raid6 personality registered for level 6
[   15.227008] md: raid5 personality registered for level 5
[   15.236493] md: raid4 personality registered for level 4
[   15.258838] md: raid10 personality registered for level 10
done.
Begin: Running /scripts/init-premount ... done.
Begin: Mounting root file system ... Begin: Running /scripts/local-top ... done.
Begin: Running /scripts/local-premount ... [   15.373692] Btrfs loaded
Scanning for Btrfs filesystems
done.
Warning: fsck no[   15.430920] EXT4-fs (sda1): mounted filesystem with ordered data mode. Opts: (null)
t present, so skipping root file system
done.
Begin: Running /scripts/local-bottom ... done.
Begin: Running /scripts/init-bottom ... done.
[   15.616044] systemd[1]: systemd 229 running in system mode. (+PAM +AUDIT +SELINUX +IMA +APPARMOR +SMACK +SYSVINIT +UTMP +LIBCRYPTSETUP +GCRYPT +GNUTLS +ACL +XZ -LZ4 +SECCOMP +BLKID +ELFUTILS +KMOD -IDN)
[   15.744665] systemd[1]: Detected virtualization oracle.
[   15.761683] systemd[1]: Detected architecture x86.

Welcome to [1mUbuntu 16.04.2 LTS[0m!

[   15.795202] systemd[1]: Set hostname to <ubuntu-xenial>.
[   16.039903] systemd[1]: Created slice User and Session Slice.
[[0;32m  OK  [0m] Created slice User and Session Slice.
[   16.057420] systemd[1]: Listening on LVM2 poll daemon socket.
[[0;32m  OK  [0m] Listening on LVM2 poll daemon socket.
[   16.118803] systemd[1]: Listening on /dev/initctl Compatibility Named Pipe.
[[0;32m  OK  [0m] Listening on /dev/initctl Compatibility Named Pipe.
[   16.219095] systemd[1]: Listening on LVM2 metadata daemon socket.
[[0;32m  OK  [0m] Listening on LVM2 metadata daemon socket.
[   16.290792] systemd[1]: Started Trigger resolvconf update for networkd DNS.
[[0;32m  OK  [0m] Started Trigger resolvconf update for networkd DNS.
[   16.535010] systemd[1]: Listening on Journal Socket.
[[0;32m  OK  [0m] Listening on Journal Socket.
[   16.636049] systemd[1]: Set up automount Arbitrary Executable File Formats File System Automount Point.
[[0;32m  OK  [0m] Set up automount Arbitrary Executab...ats File System Automount Point.
[   16.850745] systemd[1]: Reached target User and Group Name Lookups.
[[0;32m  OK  [0m] Reached target User and Group Name Lookups.
[   17.082957] systemd[1]: Reached target Encrypted Volumes.
[[0;32m  OK  [0m] Reached target Encrypted Volumes.
[   17.169595] systemd[1]: Listening on Journal Socket (/dev/log).
[[0;32m  OK  [0m] Listening on Journal Socket (/dev/log).
[   17.206801] systemd[1]: Listening on Syslog Socket.
[[0;32m  OK  [0m] Listening on Syslog Socket.
[   17.274842] systemd[1]: Listening on Device-mapper event daemon FIFOs.
[[0;32m  OK  [0m] Listening on Device-mapper event daemon FIFOs.
[   17.331826] systemd[1]: Listening on udev Kernel Socket.
[[0;32m  OK  [0m] Listening on udev Kernel Socket.
[   17.334303] systemd[1]: Started Forward Password Requests to Wall Directory Watch.
[[0;32m  OK  [0m] Started Forward Password Requests to Wall Directory Watch.
[   17.362534] systemd[1]: Reached target Swap.
[[0;32m  OK  [0m] Reached target Swap.
[   17.364883] systemd[1]: Created slice System Slice.
[[0;32m  OK  [0m] Created slice System Slice.
[   17.500106] systemd[1]: Created slice system-postgresql.slice.
[[0;32m  OK  [0m] Created slice system-postgresql.slice.
[   17.614683] systemd[1]: Reached target Slices.
[[0;32m  OK  [0m] Reached target Slices.
[   17.646725] systemd[1]: Starting Uncomplicated firewall...
         Starting Uncomplicated firewall...
[   17.802768] systemd[1]: Starting Remount Root and Kernel File Systems...
[   17.864309] random: nonblocking pool is initialized
         Starting Remount Root and Kernel[   17.957977] EXT4-fs (sda1): re-mounted. Opts: (null)
 File Systems...
[   18.066754] systemd[1]: Starting Set console keymap...
         Starting Set console keymap...
[   18.143184] systemd[1]: Created slice system-serial\x2dgetty.slice.
[[0;32m  OK  [0m] Created slice system-serial\x2dgetty.slice.
[   18.174702] systemd[1]: Mounting Huge Pages File System...
         Mounting Huge Pages File System...
[   18.278934] systemd[1]: Mounting Debug File System...
         Mounting Debug File System...
[   18.323581] systemd[1]: Starting Nameserver information manager...
         Starting Nameserver information manager...
[   18.415090] systemd[1]: Starting Create list of required static device nodes for the current kernel...
         Starting Create list of required st... nodes for the current kernel...
[   18.615007] systemd[1]: Listening on Journal Audit Socket.
[[0;32m  OK  [0m] Listening on Journal Audit Socket.
[   18.690619] systemd[1]: Mounting POSIX Message Queue File System...
         Mounting POSIX Message Queue File System...
[   18.811123] systemd[1]: Starting Load Kernel Modules...
         Starting Load Kernel Modules...
[   18.876195] systemd[1]: Starting Monitoring of LVM2 mirrors, snapshots etc. using dmeventd or progress polling...
         [   18.900219] Loading iSCSI transport class v2.0-870.
Starting Monitoring of LVM2 mirr[   18.917347] iscsi: registered transport (tcp)
ors... dmeventd or progress polling...
[   18.967121] systemd[1]: Listening on udev Control Socket.
[[0;32m  OK  [0m] Listening on udev Control Socket.
[   19.073117] iscsi: registered transport (iser)
[   19.118978] systemd[1]: Starting Journal Service...
         Starting Journal Service...
[   19.185272] systemd[1]: Mounted POSIX Message Queue File System.
[[0;32m  OK  [0m] Mounted POSIX Message Queue File System.
[   19.236586] systemd[1]: Mounted Huge Pages File System.
[[0;32m  OK  [0m] Mounted Huge Pages File System.
[   19.239325] systemd[1]: Mounted Debug File System.
[[0;32m  OK  [0m] Mounted Debug File System.
[   19.241748] systemd[1]: Started Journal Service.
[[0;32m  OK  [0m] Started Journal Service.
[[0;32m  OK  [0m] Started Uncomplicated firewall.
[[0;32m  OK  [0m] Started Remount Root and Kernel File Systems.
[[0;32m  OK  [0m] Started Set console keymap.
[[0;32m  OK  [0m] Started Create list of required sta...ce nodes for the current kernel.
[[0;32m  OK  [0m] Started Load Kernel Modules.
[[0;32m  OK  [0m] Started Nameserver information manager.
[[0;32m  OK  [0m] Started LVM2 metadata daemon.
         Starting Apply Kernel Variables...
         Mounting FUSE Control File System...
         Starting Create Static Device Nodes in /dev...
         Starting Initial cloud-init job (pre-networking)...
         Starting udev Coldplug all Devices...
         Starting Load/Save Random Seed...
         Starting Flush Journal to Persistent Storage...
[[0;32m  OK  [0m] Mounted FUSE Control File System.
[[0;32m  OK  [0m] Started Apply Kernel Variables.
[[0;32m  OK  [0m] Started Create Static Device Nodes in /dev.
[[0;32m  OK  [0m] Started Load/Save Random Seed.
[[0;32m  OK  [0m] Started Monitoring of LVM2 mirrors,...ng dmeventd or progress polling.
[[0;32m  OK  [0m] Started udev Coldplug all Devices.
[[0;32m  OK  [0m] Started Flush Journal to Persistent Storage.
         Starting udev Kernel Device Manager...
[[0;32m  OK  [0m] Started udev Kernel Device Manager.
[[0;32m  OK  [0m] Reached target Local File Systems (Pre).
[[0;32m  OK  [0m] Reached target Local File Systems.
         Starting Create Volatile Files and Directories...
         Starting LSB: AppArmor initialization...
         Starting Tell Plymouth To Write Out Runtime Data...
         Starting Set console font and keymap...
[[0;32m  OK  [0m] Started Dispatch Password Requests to Console Directory Watch.
[[0;32m  OK  [0m] Started Create Volatile Files and Directories.
[[0;32m  OK  [0m] Started Tell Plymouth To Write Out Runtime Data.
[[0;32m  OK  [0m] Found device /dev/ttyS0.
[[0;32m  OK  [0m] Started LSB: AppArmor initialization.
[   14.701198] cloud-init[445]: Cloud-init v. 0.7.9 running 'init-local' at Tue, 16 May 2017 16:57:07 +0000. Up 14.30 seconds.
[[0;32m  OK  [0m] Started Initial cloud-init job (pre-networking).
[[0;32m  OK  [0m] Started Set console font and keymap.
[[0;32m  OK  [0m] Listening on Load/Save RF Kill Switch Status /dev/rfkill Watch.
[[0;32m  OK  [0m] Created slice system-getty.slice.
[[0;32m  OK  [0m] Reached target Network (Pre).
[[0;32m  OK  [0m] Started ifup for enp0s3.
         Starting Raise network interfaces...
         Starting Update UTMP about System Boot/Shutdown...
[[0;32m  OK  [0m] Reached target System Time Synchronized.
[[0;32m  OK  [0m] Found device 82540EM Gigabit Ethern...r (PRO/1000 MT Desktop Adapter).
[[0;32m  OK  [0m] Started Update UTMP about System Boot/Shutdown.
[[0;32m  OK  [0m] Started Raise network interfaces.
         Starting Initial cloud-init job (metadata service crawler)...
[[0;32m  OK  [0m] Reached target Network.
[   17.804910] cloud-init[951]: Cloud-init v. 0.7.9 running 'init' at Tue, 16 May 2017 16:57:10 +0000. Up 17.52 seconds.
[   17.822311] cloud-init[951]: ci-info: +++++++++++++++++++++++++++++++++++++Net device info++++++++++++++++++++++++++++++++++++++
[   17.844368] cloud-init[951]: ci-info: +--------+------+----------------------------+---------------+-------+-------------------+
[[0;32m  OK  [0m] Started Initial cloud-init job (metadata service crawler).
[   17.844645] cloud-init[951]: ci-info: | Device |  Up  |          Address           |      Mask     | Scope |     Hw-Address    |
[   18.064870] cloud-init[951]: ci-info: +--------+------+----------------------------+---------------+-------+-------------------+
[   18.065361] cloud-init[951]: ci-info: | enp0s3 | True |         10.0.2.15          | 255.255.255.0 |   .   | 02:6e:88:da:90:9e |
[[0;32m  OK  [0m] Reached target System Initialization.
         Starting Socket activation for snappy daemon.[   18.065568] cloud-init[951]: ci-info: | enp0s3 | True | fe80::6e:88ff:feda:909e/64 |       .       |  link | 02:6e:88:da:90:9e |
[   18.160994] cloud-init[951]: ci-info: |   lo   | True |         127.0.0.1          |   255.0.0.0   |   .   |         .         |
[   18.161132] cloud-init[951]: ci-info: |   lo   | True |          ::1/128           |       .       |  host |         .         |
[   18.161298] cloud-init[951]: ci-info: +--------+------+----------------------------+---------------+-------+-------------------+
[   18.161465] cloud-init[951]: ci-info: +++++++++++++++++++++++++++Route IPv4 info++++++++++++++++++++++++++++
[   18.161657] cloud-init[951]: ci-info: +-------+-------------+----------+---------------+-----------+-------+

[[   18.161861] cloud-init[951]: ci-info: | Route | Destination | Gateway  |    Genmask    | Interface | Flags |
[   18.467728] cloud-init[951]: ci-info: +-------+-------------+----------+---------------+-----------+-------+
[0;32m  OK  [0m] Listening on ACPID Listen Socket.
[   18.467881] cloud-init[951]: ci-info: |   0   |   0.0.0.0   | 10.0.2.2 |    0.0.0.0    |   enp0s3  |   UG  |
[   18.488491] cloud-init[951]: ci-info: |   1   |   10.0.2.0  | 0.0.0.0  | 255.255.255.0 |   enp0s3  |   U   |
[   18.488823] cloud-init[951]: ci-info: +-------+-------------+----------+---------------+-----------+-------+
[[0;32m  OK  [0m] Started ACPI Events Check.
[[0;32m  OK  [0m] Reached target Paths.
[[0;32m  OK  [0m] Listening on UUID daemon activation socket.
[[0;32m  OK  [0m] Listening on D-Bus System Message Bus Socket.
[[0;32m  OK  [0m] Started Daily apt activities.
[[0;32m  OK  [0m] Started Daily Cleanup of Temporary Directories.
[[0;32m  OK  [0m] Started Timer to automatically refresh installed snaps.
[[0;32m  OK  [0m] Reached target Timers.
         Starting LXD - unix socket.
[[0;32m  OK  [0m] Reached target Network is Online.
         Starting iSCSI initiator daemon (iscsid)...
[[0;32m  OK  [0m] Reached target Cloud-config availability.
[[0;32m  OK  [0m] Listening on Socket activation for snappy daemon.
[[0;32m  OK  [0m] Listening on LXD - unix socket.
[[0;32m  OK  [0m] Started iSCSI initiator daemon (iscsid).
         Starting Login to default iSCSI targets...
[[0;32m  OK  [0m] Reached target Sockets.
[[0;32m  OK  [0m] Reached target Basic System.
         Starting /etc/rc.local Compatibility...
         Starting Login Service...
[[0;32m  OK  [0m] Started FUSE filesystem for LXC.
         Starting System Logging Service...
         Starting Accounts Service...
[[0;32m  OK  [0m] Started Regular background program processing daemon.
         Starting LSB: Record successful boot for GRUB...
[[0;32m  OK  [0m] Started ACPI event daemon.
[[0;32m  OK  [0m] Started D-Bus System Message Bus.
         Starting PostgreSQL Cluster 9.5-main...
         Starting LXD - container startup/shutdown...
         Starting OpenBSD Secure Shell server...
         Starting Apply the settings specified in cloud-config...
[[0;32m  OK  [0m] Started Deferred execution scheduler.
         Starting LSB: MD monitoring daemon...
[[0;32m  OK  [0m] Started Snappy daemon.
         Starting Auto import assertions from block devices...
[[0;32m  OK  [0m] Started System Logging Service.
[[0;32m  OK  [0m] Started OpenBSD Secure Shell server.
[[0;32m  OK  [0m] Started /etc/rc.local Compatibility.
[[0;32m  OK  [0m] Started LXD - container startup/shutdown.
[[0;32m  OK  [0m] Started Auto import assertions from block devices.
[[0;32m  OK  [0m] Started Login to default iSCSI targets.
[[0;32m  OK  [0m] Started LSB: Record successful boot for GRUB.
[[0;32m  OK  [0m] Started LSB: MD monitoring daemon.
[[0;32m  OK  [0m] Started Login Service.
         Starting Authenticate and Authorize Users to Run Privileged Tasks...
[[0;32m  OK  [0m] Reached target Remote File Systems (Pre).
[[0;32m  OK  [0m] Reached target Remote File Systems.
         Starting LSB: Set the CPU Frequency Scaling governor to "ondemand"...
[   20.305825] cloud-init[1054]: Cloud-init v. 0.7.9 running 'modules:config' at Tue, 16 May 2017 16:57:12 +0000. Up 20.08 seconds.
         Starting LSB: VirtualBox Linux Additions...
         Starting LSB: automatic crash report generation...
         Starting LSB: Start/stop sysstat's sadc...
         Starting LSB: daemon to balance interrupts for SMP systems...
         Starting Permit User Sessions...
[[0;32m  OK  [0m] Started Apply the settings specified in cloud-config.
[[0;32m  OK  [0m] Started Permit User Sessions.
[[0;32m  OK  [0m] Started Authenticate and Authorize Users to Run Privileged Tasks.
[[0;32m  OK  [0m] Started Accounts Service.
[[0;32m  OK  [0m] Started LSB: Set the CPU Frequency Scaling governor to "ondemand".
[[0;32m  OK  [0m] Started LSB: automatic crash report generation.
[[0;32m  OK  [0m] Started LSB: VirtualBox Linux Additions.
[[0;32m  OK  [0m] Started LSB: Start/stop sysstat's sadc.
         Starting Hold until boot process finishes up...
         Starting Terminate Plymouth Boot Screen...
[[0;32m  OK  [0m] Started LSB: daemon to balance interrupts for SMP systems.
[[0;32m  OK  [0m] Started Hold until boot process finishes up.
[[0;32m  OK  [0m] Started Terminate Plymouth Boot Screen.
[[0;32m  OK  [0m] Started Serial Getty on ttyS0.
         Starting Set console scheme...
[[0;32m  OK  [0m] Started Getty on tty1.
[[0;32m  OK  [0m] Reached target Login Prompts.
[[0;32m  OK  [0m] Started Set console scheme.
[[0;32m  OK  [0m] Started PostgreSQL Cluster 9.5-main.
[[0;32m  OK  [0m] Created slice User Slice of ubuntu.
         Starting PostgreSQL RDBMS...
[[0;32m  OK  [0m] Started PostgreSQL RDBMS.
[[0;32m  OK  [0m] Started Session 1 of user ubuntu.
         Starting User Manager for UID 1000...
[[0;32m  OK  [0m] Reached target Multi-User System.
         Starting Execute cloud user/final scripts...
[[0;32m  OK  [0m] Reached target Graphical Interface.
         Starting Update UTMP about System Runlevel Changes...
[[0;32m  OK  [0m] Started User Manager for UID 1000.
[[0;32m  OK  [0m] Started Update UTMP about System Runlevel Changes.
[   22.663654] cloud-init[1220]: Cloud-init v. 0.7.9 running 'modules:final' at Tue, 16 May 2017 16:57:15 +0000. Up 22.47 seconds.
[   22.800713] cloud-init[1220]: Cloud-init v. 0.7.9 finished at Tue, 16 May 2017 16:57:15 +0000. Datasource DataSourceNoCloud [seed=/dev/sdb][dsmode=net].  Up 22.65 seconds
[[0;32m  OK  [0m] Started Execute cloud user/final scripts.
[[0;32m  OK  [0m] Reached target Cloud-init target.

Ubuntu 16.04.2 LTS ubuntu-xenial ttyS0

ubuntu-xenial login: 